// -+-+-+-+-+--+-+-+-+-+--+-+-+-+-+--+-+-+-+-+--+-+-+-+-+--+-+-+-+-+--+-+-+-+-+-
// -+-+-+-+-+--+-+-+-+-+--+-+-+-+-+--+-+-+-+-+--+-+-+-+-+--+-+-+-+-+--+-+-+-+-+-
//
// Geometry file for FOOT BM
//

// -+-+-+-+-+--+-+-+-+-+--+-+-+-+-+--+-+-+-+-+--+-+-+-+-+--+-+-+-+-+--+-+-+-+-+-
// Parameters of the BM
// -+-+-+-+-+--+-+-+-+-+--+-+-+-+-+--+-+-+-+-+--+-+-+-+-+--+-+-+-+-+--+-+-+-+-+-
WireLayers:   21
Layers:        6
Senses:        3

SenseRad:      0.0015; // Anode
SenseMat:      "W"
SenseDensity:  19.3
FieldRad:   fFoilThick   0.0045; // cathode
FieldMat:      "Al"
FieldDensity:  2.6989

FoilThick:     0.0025
FoilMat:       "Mylar"
FoilDensity:   1.4

Step:          0.5;
CellWide:      0.8;
DeltaPlane:    0.3;

GasMixture:   "Ar/CO2"
GasDensities: "0.001662/0.00187"
GasProporton: "0.8/0.2"
GasDensity:    0.001677136

//Aluminum cage thickness
ShieldingThick:    1.5;

// -+-+-+-+-+--+-+-+-+-+--+-+-+-+-+--+-+-+-+-+--+-+-+-+-+--+-+-+-+-+--+-+-+-+-+-
// Parameter of the BM (cm)
// -+-+-+-+-+--+-+-+-+-+--+-+-+-+-+--+-+-+-+-+--+-+-+-+-+--+-+-+-+-+--+-+-+-+-+-

Height:           11.2     Width:      11.2      Length:     21.00
DeltaX:            2.8     DeltaY:      2.8      DeltaZ:      2.85


// -+-+-+-+-+--+-+-+-+-+--+-+-+-+-+--+-+-+-+-+--+-+-+-+-+--+-+-+-+-+--+-+-+-+-+-
// Alignement parameters of wires (cm, degree)
// -+-+-+-+-+--+-+-+-+-+--+-+-+-+-+--+-+-+-+-+--+-+-+-+-+--+-+-+-+-+--+-+-+-+-+-

PositionsX:        0.200   PositionsY:   0.500   PositionsZ:  0.000
Tilt1:            -1.200   Tilt2:       -3.200   Tilt3:       0.000


