// -+-+-+-+-+--+-+-+-+-+--+-+-+-+-+--+-+-+-+-+--+-+-+-+-+--+-+-+-+-+--+-+-+-+-+-
// -+-+-+-+-+--+-+-+-+-+--+-+-+-+-+--+-+-+-+-+--+-+-+-+-+--+-+-+-+-+--+-+-+-+-+-
//
// Geometry file for FOOT magnets
//

// -+-+-+-+-+--+-+-+-+-+--+-+-+-+-+--+-+-+-+-+--+-+-+-+-+--+-+-+-+-+--+-+-+-+-+-
// Parameters of the magnets
// Types 0 const, 1 function, 2 map file
// -+-+-+-+-+--+-+-+-+-+--+-+-+-+-+--+-+-+-+-+--+-+-+-+-+--+-+-+-+-+--+-+-+-+-+-
Magnets:     2
Type:        2
MapName:     "./data/NewDoubleDipole.table"

CovRad:        0.2
CovMat:        "Al"
CovDensity:  2.6989

MagMat:      "SmCo"
MagDensity:    8.3

// -+-+-+-+-+--+-+-+-+-+--+-+-+-+-+--+-+-+-+-+--+-+-+-+-+--+-+-+-+-+--+-+-+-+-+-
// Parameter of the magnet placement (cm)
// -+-+-+-+-+--+-+-+-+-+--+-+-+-+-+--+-+-+-+-+--+-+-+-+-+--+-+-+-+-+--+-+-+-+-+-

// -*-*-*-*-*-*-*-*-*-*-*-*-*-*-*-*- Magnet 1  -*-*-*-*-*-*-*-*-*-*-*-*-*-*-*-*-
Inputs:            1
InnerRad:          3.5     OuterRad:    14.040   Size3:          11.0
PositionsX:        0.0000  PositionsY:   0.000   PositionsZ:     -8.0
Tilt1:             0.0000  Tilt2:        0.000   Tilt3:           0.0

// -*-*-*-*-*-*-*-*-*-*-*-*-*-*-*-*- Magnet 2  -*-*-*-*-*-*-*-*-*-*-*-*-*-*-*-*-
Inputs:            2
InnerRad:          3.5     OuterRad:    10.020   Size3:          11.0
PositionsX:        0.0000  PositionsY:   0.000   PositionsZ:      8.0
Tilt1:             0.0000  Tilt2:        0.000   Tilt3:           0.0




