// -+-+-+-+-+--+-+-+-+-+--+-+-+-+-+--+-+-+-+-+--+-+-+-+-+--+-+-+-+-+--+-+-+-+-+-
// -+-+-+-+-+--+-+-+-+-+--+-+-+-+-+--+-+-+-+-+--+-+-+-+-+--+-+-+-+-+--+-+-+-+-+-
//
// Geometry file for FOOT magnets
//

// -+-+-+-+-+--+-+-+-+-+--+-+-+-+-+--+-+-+-+-+--+-+-+-+-+--+-+-+-+-+--+-+-+-+-+-
// Parameters of the magnets
// Types 0 const, 1 function, 2 map file
// -+-+-+-+-+--+-+-+-+-+--+-+-+-+-+--+-+-+-+-+--+-+-+-+-+--+-+-+-+-+--+-+-+-+-+-
Magnets:     2
Type:        2
MapName:     "./data/NewDoubleDipole.table"

ShieldThickness:  0.5
ShieldMat:        "Al"
ShieldDensity:    2.6989

MagMat:       "SmCo"
MagDensity:    8.3

// -+-+-+-+-+--+-+-+-+-+--+-+-+-+-+--+-+-+-+-+--+-+-+-+-+--+-+-+-+-+--+-+-+-+-+-
// Parameter of the magnet placement (cm)
// -+-+-+-+-+--+-+-+-+-+--+-+-+-+-+--+-+-+-+-+--+-+-+-+-+--+-+-+-+-+--+-+-+-+-+-

// -*-*-*-*-*-*-*-*-*-*-*-*-*-*-*-*- Magnet 1  -*-*-*-*-*-*-*-*-*-*-*-*-*-*-*-*-
Inputs:            1
InnerRad:          3.0     OuterRad:    15.000   Size3:          10.0
PositionsX:        0.0000  PositionsY:   0.000   PositionsZ:     -8.0
Tilt1:             0.0000  Tilt2:        0.000   Tilt3:           0.0

// -*-*-*-*-*-*-*-*-*-*-*-*-*-*-*-*- Magnet 2  -*-*-*-*-*-*-*-*-*-*-*-*-*-*-*-*-
Inputs:            2
InnerRad:          6.2     OuterRad:    25.000   Size3:          10.0
PositionsX:        0.0000  PositionsY:   0.000   PositionsZ:      8.0
Tilt1:             0.0000  Tilt2:        0.000   Tilt3:           0.0




