// -+-+-+-+-+--+-+-+-+-+--+-+-+-+-+--+-+-+-+-+--+-+-+-+-+--+-+-+-+-+--+-+-+-+-+-
// -+-+-+-+-+--+-+-+-+-+--+-+-+-+-+--+-+-+-+-+--+-+-+-+-+--+-+-+-+-+--+-+-+-+-+-
//
// Geometry file for target and beam
//

// -+-+-+-+-+--+-+-+-+-+--+-+-+-+-+--+-+-+-+-+--+-+-+-+-+--+-+-+-+-+--+-+-+-+-+-
// Beam info
// -+-+-+-+-+--+-+-+-+-+--+-+-+-+-+--+-+-+-+-+--+-+-+-+-+--+-+-+-+-+--+-+-+-+-+-
BeamSize:            0.48
BeamShape:         "Gaussian"
BeamEnergy:          0.2   // GeV
BeamAtomicMass:       12   // A Beam
BeamAtomicNumber:     6    // Z Beam
BeamPartNumber:       1    // particles in Beam
BeamPosX:            0.0000   BeamPosY:     0.0000    BeamPosZ:      -30.0
BeamSpreadX:         0.0000   BeamSpreadY:  0.0000    BeamSpread:      0.0
BeamDiv:             0.0000

// -+-+-+-+-+--+-+-+-+-+--+-+-+-+-+--+-+-+-+-+--+-+-+-+-+--+-+-+-+-+--+-+-+-+-+-
// Target info (cm)
// -+-+-+-+-+--+-+-+-+-+--+-+-+-+-+--+-+-+-+-+--+-+-+-+-+--+-+-+-+-+--+-+-+-+-+-
TargetShape:       "cubic"
TargetSizeX:        2.0   TargetSizeY:    2.0    TargetSizeZ:  0.2
TargetMaterial:     "C"
TargetDensity:      2.253   

//TargetMaterial:   "Polyethy"
//TargetDensity:      0.94

TargetInserts:        0

// -+-+-+-+-+--+-+-+-+-+--+-+-+-+-+--+-+-+-+-+--+-+-+-+-+--+-+-+-+-+--+-+-+-+-+-
// End of geometry File
// -+-+-+-+-+--+-+-+-+-+--+-+-+-+-+--+-+-+-+-+--+-+-+-+-+--+-+-+-+-+--+-+-+-+-+-