// -+-+-+-+-+--+-+-+-+-+--+-+-+-+-+--+-+-+-+-+--+-+-+-+-+--+-+-+-+-+--+-+-+-+-+-
// -+-+-+-+-+--+-+-+-+-+--+-+-+-+-+--+-+-+-+-+--+-+-+-+-+--+-+-+-+-+--+-+-+-+-+-
//
// Geometry file for FOOT TW
//

// -+-+-+-+-+--+-+-+-+-+--+-+-+-+-+--+-+-+-+-+--+-+-+-+-+--+-+-+-+-+--+-+-+-+-+-
// Parameters of the TW
// -+-+-+-+-+--+-+-+-+-+--+-+-+-+-+--+-+-+-+-+--+-+-+-+-+--+-+-+-+-+--+-+-+-+-+-
LayersN:      2
BarsN:       22
Material:  "EJ232"
Density:    1.023

// -+-+-+-+-+--+-+-+-+-+--+-+-+-+-+--+-+-+-+-+--+-+-+-+-+--+-+-+-+-+--+-+-+-+-+-
// Parameter of the TW (cm)
// -+-+-+-+-+--+-+-+-+-+--+-+-+-+-+--+-+-+-+-+--+-+-+-+-+--+-+-+-+-+--+-+-+-+-+-
Width:         2.0     Height:      44.0      Thick:     0.3

// -+-+-+-+-+--+-+-+-+-+--+-+-+-+-+--+-+-+-+-+--+-+-+-+-+--+-+-+-+-+--+-+-+-+-+-
// Parameter of the Detector bar used in the run
// -+-+-+-+-+--+-+-+-+-+--+-+-+-+-+--+-+-+-+-+--+-+-+-+-+--+-+-+-+-+--+-+-+-+-+-
Layer:             0
Bar:               0
PositionX: -21.0  PositionY:   0.0 PositionZ:  -0.1
TiltX:       0.0  TiltY:       0.0 TiltZ:       0.0
Layer:             0
Bar:               1
PositionX: -19.0  PositionY:   0.0 PositionZ:  -0.1
TiltX:       0.0  TiltY:       0.0 TiltZ:       0.0
Layer:             0
Bar:               2
PositionX: -17.0  PositionY:   0.0 PositionZ:  -0.1
TiltX:       0.0  TiltY:       0.0 TiltZ:       0.0
Layer:             0
Bar:               3
PositionX: -15.0  PositionY:   0.0 PositionZ:  -0.1
TiltX:       0.0  TiltY:       0.0 TiltZ:       0.0
Layer:             0
Bar:               4
PositionX: -13.0  PositionY:   0.0 PositionZ:  -0.1
TiltX:       0.0  TiltY:       0.0 TiltZ:       0.0
Layer:             0
Bar:               5
PositionX: -11.0  PositionY:   0.0 PositionZ:  -0.1
TiltX:       0.0  TiltY:       0.0 TiltZ:       0.0
Layer:             0
Bar:               6
PositionX:  -9.0  PositionY:   0.0 PositionZ:  -0.1
TiltX:       0.0  TiltY:       0.0 TiltZ:       0.0
Layer:             0
Bar:               7
PositionX:  -7.0  PositionY:   0.0 PositionZ:  -0.1
TiltX:       0.0  TiltY:       0.0 TiltZ:       0.0
Layer:             0
Bar:               8
PositionX:  -5.0  PositionY:   0.0 PositionZ:  -0.1
TiltX:       0.0  TiltY:       0.0 TiltZ:       0.0
Layer:             0
Bar:               9
PositionX:  -3.0  PositionY:   0.0 PositionZ:  -0.1
TiltX:       0.0  TiltY:       0.0 TiltZ:       0.0
Layer:             0
Bar:              10
PositionX:  -1.0  PositionY:   0.0 PositionZ:  -0.1
TiltX:       0.0  TiltY:       0.0 TiltZ:       0.0
Layer:             0
Bar:              11
PositionX:   1.0  PositionY:   0.0 PositionZ:  -0.1
TiltX:       0.0  TiltY:       0.0 TiltZ:       0.0
Layer:             0
Bar:              12
PositionX:   3.0  PositionY:   0.0 PositionZ:  -0.1
TiltX:       0.0  TiltY:       0.0 TiltZ:       0.0
Layer:             0
Bar:              13
PositionX:   5.0  PositionY:   0.0 PositionZ:  -0.1
TiltX:       0.0  TiltY:       0.0 TiltZ:       0.0
Layer:             0
Bar:              14
PositionX:   7.0  PositionY:   0.0 PositionZ:  -0.1
TiltX:       0.0  TiltY:       0.0 TiltZ:       0.0
Layer:             0
Bar:              15
PositionX:   9.0  PositionY:   0.0 PositionZ:  -0.1
TiltX:       0.0  TiltY:       0.0 TiltZ:       0.0
Layer:             0
Bar:              16
PositionX:  11.0  PositionY:   0.0 PositionZ:  -0.1
TiltX:       0.0  TiltY:       0.0 TiltZ:       0.0
Layer:             0
Bar:              17
PositionX:  13.0  PositionY:   0.0 PositionZ:  -0.1
TiltX:       0.0  TiltY:       0.0 TiltZ:       0.0
Layer:             0
Bar:              18
PositionX:  15.0  PositionY:   0.0 PositionZ:  -0.1
TiltX:       0.0  TiltY:       0.0 TiltZ:       0.0
Layer:             0
Bar:              19
PositionX:  17.0  PositionY:   0.0 PositionZ:  -0.1
TiltX:       0.0  TiltY:       0.0 TiltZ:       0.0
Layer:             0
Bar:              20
PositionX:  19.0  PositionY:   0.0 PositionZ:  -0.1
TiltX:       0.0  TiltY:       0.0 TiltZ:       0.0
Layer:             0
Bar:              21
PositionX:  21.0  PositionY:   0.0 PositionZ:  -0.1
TiltX:       0.0  TiltY:       0.0 TiltZ:       0.0
Layer:             1
Bar:               0
PositionX:   0.0  PositionY: -21.0 PositionZ:   0.1
TiltX:       0.0  TiltY:       0.0 TiltZ:      90.0
Layer:             1
Bar:               1
PositionX:   0.0  PositionY: -19.0 PositionZ:   0.1
TiltX:       0.0  TiltY:       0.0 TiltZ:      90.0
Layer:             1
Bar:               2
PositionX:   0.0  PositionY: -17.0 PositionZ:   0.1
TiltX:       0.0  TiltY:       0.0 TiltZ:      90.0
Layer:             1
Bar:               3
PositionX:   0.0  PositionY: -15.0 PositionZ:   0.1
TiltX:       0.0  TiltY:       0.0 TiltZ:      90.0
Layer:             1
Bar:               4
PositionX:   0.0  PositionY: -13.0 PositionZ:   0.1
TiltX:       0.0  TiltY:       0.0 TiltZ:      90.0
Layer:             1
Bar:               5
PositionX:   0.0  PositionY: -11.0 PositionZ:   0.1
TiltX:       0.0  TiltY:       0.0 TiltZ:      90.0
Layer:             1
Bar:               6
PositionX:   0.0  PositionY:  -9.0 PositionZ:   0.1
TiltX:       0.0  TiltY:       0.0 TiltZ:      90.0
Layer:             1
Bar:               7
PositionX:   0.0  PositionY:  -7.0 PositionZ:   0.1
TiltX:       0.0  TiltY:       0.0 TiltZ:      90.0
Layer:             1
Bar:               8
PositionX:   0.0  PositionY:  -5.0 PositionZ:   0.1
TiltX:       0.0  TiltY:       0.0 TiltZ:      90.0
Layer:             1
Bar:               9
PositionX:   0.0  PositionY:  -3.0 PositionZ:   0.1
TiltX:       0.0  TiltY:       0.0 TiltZ:      90.0
Layer:             1
Bar:              10
PositionX:   0.0  PositionY:  -1.0 PositionZ:   0.1
TiltX:       0.0  TiltY:       0.0 TiltZ:      90.0
Layer:             1
Bar:              11
PositionX:   0.0  PositionY:   1.0 PositionZ:   0.1
TiltX:       0.0  TiltY:       0.0 TiltZ:      90.0
Layer:             1
Bar:              12
PositionX:   0.0  PositionY:   3.0 PositionZ:   0.1
TiltX:       0.0  TiltY:       0.0 TiltZ:      90.0
Layer:             1
Bar:              13
PositionX:   0.0  PositionY:   5.0 PositionZ:   0.1
TiltX:       0.0  TiltY:       0.0 TiltZ:      90.0
Layer:             1
Bar:              14
PositionX:   0.0  PositionY:   7.0 PositionZ:   0.1
TiltX:       0.0  TiltY:       0.0 TiltZ:      90.0
Layer:             1
Bar:              15
PositionX:   0.0  PositionY:   9.0 PositionZ:   0.1
TiltX:       0.0  TiltY:       0.0 TiltZ:      90.0
Layer:             1
Bar:              16
PositionX:   0.0  PositionY:  11.0 PositionZ:   0.1
TiltX:       0.0  TiltY:       0.0 TiltZ:      90.0
Layer:             1
Bar:              17
PositionX:   0.0  PositionY:  13.0 PositionZ:   0.1
TiltX:       0.0  TiltY:       0.0 TiltZ:      90.0
Layer:             1
Bar:              18
PositionX:   0.0  PositionY:  15.0 PositionZ:   0.1
TiltX:       0.0  TiltY:       0.0 TiltZ:      90.0
Layer:             1
Bar:              19
PositionX:   0.0  PositionY:  17.0 PositionZ:   0.1
TiltX:       0.0  TiltY:       0.0 TiltZ:      90.0
Layer:             1
Bar:              20
PositionX:   0.0  PositionY:  19.0 PositionZ:   0.1
TiltX:       0.0  TiltY:       0.0 TiltZ:      90.0
Layer:             1
Bar:              21
PositionX:   0.0  PositionY:  21.0 PositionZ:   0.1
TiltX:       0.0  TiltY:       0.0 TiltZ:      90.0
// -+-+-+-+-+--+-+-+-+-+--+-+-+-+-+--+-+-+-+-+--+-+-+-+-+--+-+-+-+-+--+-+-+-+-+-
// End of geometry File
// -+-+-+-+-+--+-+-+-+-+--+-+-+-+-+--+-+-+-+-+--+-+-+-+-+--+-+-+-+-+--+-+-+-+-+-