// -+-+-+-+-+--+-+-+-+-+--+-+-+-+-+--+-+-+-+-+--+-+-+-+-+--+-+-+-+-+--+-+-+-+-+-
// -+-+-+-+-+--+-+-+-+-+--+-+-+-+-+--+-+-+-+-+--+-+-+-+-+--+-+-+-+-+--+-+-+-+-+-
//
// Mapping file for FIRST Vertex Detector
//

// -+-+-+-+-+--+-+-+-+-+--+-+-+-+-+--+-+-+-+-+--+-+-+-+-+--+-+-+-+-+--+-+-+-+-+-
// Parameters of the Sensors
// -+-+-+-+-+--+-+-+-+-+--+-+-+-+-+--+-+-+-+-+--+-+-+-+-+--+-+-+-+-+--+-+-+-+-+-
Sensors:              8
PixelsNu:          1152      
PixelsNv:           576 
PitchU:            18.4  
PitchV:            18.4  
// -+-+-+-+-+--+-+-+-+-+--+-+-+-+-+--+-+-+-+-+--+-+-+-+-+--+-+-+-+-+--+-+-+-+-+-
// Parameter of the Detector Planes used in the run
// -+-+-+-+-+--+-+-+-+-+--+-+-+-+-+--+-+-+-+-+--+-+-+-+-+--+-+-+-+-+--+-+-+-+-+-

// -*-*-*-*-*-*-*-*-*-*-*-*-*-*-*-*- Plane 1  -*-*-*-*-*-*-*-*-*-*-*-*-*-*-*-*- 
Inputs:            1
PositionsX:       -0.5098  PositionsY:   0.000   PositionsZ:    0.65 
Tilt1:             0.0000  Tilt2:        0.000   Tilt3:         0.00
AlignementU:      53.68
AlignementV:      10.32
AlignementTilt:   -0.045

// -*-*-*-*-*-*-*-*-*-*-*-*-*-*-*-*- Plane 2  -*-*-*-*-*-*-*-*-*-*-*-*-*-*-*-*- 
Inputs:            2
PositionsX:       -0.5098  PositionsY:   0.000   PositionsZ:    0.95   
Tilt1:             0.0000  Tilt2:        0.000   Tilt3:         0.00
AlignementU:      75.18
AlignementV:      -5.75
AlignementTilt:    0.062

// -*-*-*-*-*-*-*-*-*-*-*-*-*-*-*-*- Plane 3  -*-*-*-*-*-*-*-*-*-*-*-*-*-*-*-*- 
Inputs:            3
PositionsX:       -0.5098  PositionsY:   0.000   PositionsZ:    1.25  
Tilt1:             0.0000  Tilt2:        0.000   Tilt3:         0.00 
AlignementU:      92.75
AlignementV:      -5.78
AlignementTilt:    0.155

// -*-*-*-*-*-*-*-*-*-*-*-*-*-*-*-*- Plane 4  -*-*-*-*-*-*-*-*-*-*-*-*-*-*-*-*- 
Inputs:            4
PositionsX:       -0.5098  PositionsY:   0.000   PositionsZ:    1.55  
Tilt1:             0.0000  Tilt2:        0.000   Tilt3:         0.00 
AlignementU:       3.27
AlignementV:       3.53
AlignementTilt:   -0.092


// -*-*-*-*-*-*-*-*-*-*-*-*-*-*-*-*- Plane 5  -*-*-*-*-*-*-*-*-*-*-*-*-*-*-*-*- 
Inputs:            5
PositionsX:        0.4967  PositionsY:   0.000    PositionsZ:    0.55  
Tilt1:           180.0000  Tilt2:        0.000    Tilt3:       180.00 
AlignementU:    -107.29
AlignementV:     -13.73
AlignementTilt:   -0.122
// -*-*-*-*-*-*-*-*-*-*-*-*-*-*-*-*- Plane 6  -*-*-*-*-*-*-*-*-*-*-*-*-*-*-*-*- 
Inputs:            6
PositionsX:        0.4967  PositionsY:   0.000   PositionsZ:    0.85 
Tilt1:           180.0000  Tilt2:        0.000   Tilt3:       180.00 
AlignementU:     -13.21
AlignementV:       5.35
AlignementTilt:   -0.045

// -*-*-*-*-*-*-*-*-*-*-*-*-*-*-*-*- Plane 7  -*-*-*-*-*-*-*-*-*-*-*-*-*-*-*-*- 
Inputs:            7
PositionsX:        0.4967  PositionsY:   0.000   PositionsZ:    1.15
Tilt1:           180.0000  Tilt2:        0.000   Tilt3:       180.00 
AlignementU:      -8.25
AlignementV:       7.85
AlignementTilt:   -0.020

// -*-*-*-*-*-*-*-*-*-*-*-*-*-*-*-*- Plane 8  -*-*-*-*-*-*-*-*-*-*-*-*-*-*-*-*- 
Inputs:            8
PositionsX:        0.4967  PositionsY:   0.000   PositionsZ:    1.45  
Tilt1:           180.0000  Tilt2:        0.000   Tilt3:       180.00 
AlignementU:     -83.31
AlignementV:     -10.68
AlignementTilt:    0.112

// -+-+-+-+-+--+-+-+-+-+--+-+-+-+-+--+-+-+-+-+--+-+-+-+-+--+-+-+-+-+--+-+-+-+-+-
// End of Mapping File
// -+-+-+-+-+--+-+-+-+-+--+-+-+-+-+--+-+-+-+-+--+-+-+-+-+--+-+-+-+-+--+-+-+-+-+-

