// -+-+-+-+-+--+-+-+-+-+--+-+-+-+-+--+-+-+-+-+--+-+-+-+-+--+-+-+-+-+--+-+-+-+-+-
// -+-+-+-+-+--+-+-+-+-+--+-+-+-+-+--+-+-+-+-+--+-+-+-+-+--+-+-+-+-+--+-+-+-+-+-
//
// Mapping file for FOOT Vertex Detector
//

// -+-+-+-+-+--+-+-+-+-+--+-+-+-+-+--+-+-+-+-+--+-+-+-+-+--+-+-+-+-+--+-+-+-+-+-
// Parameters of the Sensors
// -+-+-+-+-+--+-+-+-+-+--+-+-+-+-+--+-+-+-+-+--+-+-+-+-+--+-+-+-+-+--+-+-+-+-+-
Sensors:              4

// M28
TypeName:          "M28"
TypeNumber:           0
PixelsNx:           960
PixelsNy:           928
PitchX:           0.00207
PitchY:           0.00207
TotalSizeX:       2.0240   TotalSizeY:   2.27100  TotalSizeZ:    0.0050
EpiSizeX:         1.9872   EpiSizeY:     1.92096  EpiSizeZ:      0.0014
EpiOffsetX:       0.0356   EpiOffsetY:   0.32800  EpiOffsetZ:    0.0000
EpiMat:            "Si"
EpiMatDensity:    2.329
PixThickness:     0.00064
PixMat:          "SiO2/Al"
PixMatDensities: "2.65/2.70"
PixMatProp:      "0.89/0.11"
PixMatDensity:      2.3
SupportInfo:         0


// -+-+-+-+-+--+-+-+-+-+--+-+-+-+-+--+-+-+-+-+--+-+-+-+-+--+-+-+-+-+--+-+-+-+-+-
// Parameter of the Detector Planes used in the run
// -+-+-+-+-+--+-+-+-+-+--+-+-+-+-+--+-+-+-+-+--+-+-+-+-+--+-+-+-+-+--+-+-+-+-+-
// -*-*-*-*-*-*-*-*-*-*-*-*-*-*-*-*- Plane 1  -*-*-*-*-*-*-*-*-*-*-*-*-*-*-*-*- 
Inputs:            1
Type:              0
PositionsX:        0.0000  PositionsY:   0.0000  PositionsZ:   -0.85
Tilt1:             0.0000  Tilt2:        0.000   Tilt3:        90.000
AlignementU:       0.000
AlignementV:       0.000
AlignementTilt:    0.000

// -*-*-*-*-*-*-*-*-*-*-*-*-*-*-*-*- Plane 2  -*-*-*-*-*-*-*-*-*-*-*-*-*-*-*-*-
Inputs:            2
Type:              0
PositionsX:        0.0000  PositionsY:   0.000   PositionsZ:   -0.5
Tilt1:             0.0000  Tilt2:        0.000   Tilt3:        90.000
AlignementU:       0.000
AlignementV:       0.000
AlignementTilt:    0.000

// -*-*-*-*-*-*-*-*-*-*-*-*-*-*-*-*- Plane 3  -*-*-*-*-*-*-*-*-*-*-*-*-*-*-*-*-
Inputs:            3
Type:              0
PositionsX:        0.0000  PositionsY:   0.000  PositionsZ:     0.5
Tilt1:             0.0000  Tilt2:        0.000   Tilt3:        90.000
AlignementU:       0.000
AlignementV:       0.000
AlignementTilt:    0.000

// -*-*-*-*-*-*-*-*-*-*-*-*-*-*-*-*- Plane 4  -*-*-*-*-*-*-*-*-*-*-*-*-*-*-*-*-
Inputs:            4
Type:              0
PositionsX:        0.0000  PositionsY:   0.0000  PositionsZ:    0.85
Tilt1:             0.0000  Tilt2:        0.000   Tilt3:        90.000
AlignementU:       0.000
AlignementV:       0.000
AlignementTilt:    0.000

// -+-+-+-+-+--+-+-+-+-+--+-+-+-+-+--+-+-+-+-+--+-+-+-+-+--+-+-+-+-+--+-+-+-+-+-
// End of Mapping File
// -+-+-+-+-+--+-+-+-+-+--+-+-+-+-+--+-+-+-+-+--+-+-+-+-+--+-+-+-+-+--+-+-+-+-+-