// -+-+-+-+-+--+-+-+-+-+--+-+-+-+-+--+-+-+-+-+--+-+-+-+-+--+-+-+-+-+--+-+-+-+-+-
// -+-+-+-+-+--+-+-+-+-+--+-+-+-+-+--+-+-+-+-+--+-+-+-+-+--+-+-+-+-+--+-+-+-+-+-
//
// Mapping file for FOOT Vertex Detector
//

// -+-+-+-+-+--+-+-+-+-+--+-+-+-+-+--+-+-+-+-+--+-+-+-+-+--+-+-+-+-+--+-+-+-+-+-
// Parameters of the Sensors
// -+-+-+-+-+--+-+-+-+-+--+-+-+-+-+--+-+-+-+-+--+-+-+-+-+--+-+-+-+-+--+-+-+-+-+-
Sensors:              4

// M28
TypeName:          "M28"
TypeNumber:           0
PixelsNx:           960
PixelsNy:           928
PitchX:            20.7
PitchY:            20.7
TotalSizeX:       22710   TotalSizeY:   23220   TotalSizeZ:    50
EpiSizeX:         22710   EpiSizeY:     20220   EpiSizeZ:      14
EpiMat:            "Si"
EpiMatDensity:    2.329
PixThickness:       6.4
PixMat:          "Si02/Al"
PixMatProp:      "0.89/0.11"
PixMatDensity:      2.3

// -+-+-+-+-+--+-+-+-+-+--+-+-+-+-+--+-+-+-+-+--+-+-+-+-+--+-+-+-+-+--+-+-+-+-+-
// Parameter of the Detector Planes used in the run
// -+-+-+-+-+--+-+-+-+-+--+-+-+-+-+--+-+-+-+-+--+-+-+-+-+--+-+-+-+-+--+-+-+-+-+-
// -*-*-*-*-*-*-*-*-*-*-*-*-*-*-*-*- Plane 1  -*-*-*-*-*-*-*-*-*-*-*-*-*-*-*-*- 
Inputs:            1
Type:              0
PositionsX:        0.0000  PositionsY:   0.0000  PositionsZ:   -0.85
Tilt1:             0.0000  Tilt2:        0.000   Tilt3:        90.000
AlignementU:       0.000
AlignementV:       0.000
AlignementTilt:    0.000

// -*-*-*-*-*-*-*-*-*-*-*-*-*-*-*-*- Plane 2  -*-*-*-*-*-*-*-*-*-*-*-*-*-*-*-*-
Inputs:            2
Type:              0
PositionsX:        0.0000  PositionsY:   0.000   PositionsZ:   -0.5
Tilt1:             0.0000  Tilt2:        0.000   Tilt3:        90.000
AlignementU:       0.000
AlignementV:       0.000
AlignementTilt:    0.000

// -*-*-*-*-*-*-*-*-*-*-*-*-*-*-*-*- Plane 3  -*-*-*-*-*-*-*-*-*-*-*-*-*-*-*-*-
Inputs:            3
Type:              0
PositionsX:        0.0000  PositionsY:   0.000  PositionsZ:     0.5
Tilt1:             0.0000  Tilt2:        0.000   Tilt3:        90.000
AlignementU:       0.000
AlignementV:       0.000
AlignementTilt:    0.000

// -*-*-*-*-*-*-*-*-*-*-*-*-*-*-*-*- Plane 4  -*-*-*-*-*-*-*-*-*-*-*-*-*-*-*-*-
Inputs:            4
Type:              0
PositionsX:        0.0000  PositionsY:   0.0000  PositionsZ:    0.85
Tilt1:             0.0000  Tilt2:        0.000   Tilt3:        90.000
AlignementU:       0.000
AlignementV:       0.000
AlignementTilt:    0.000

// -+-+-+-+-+--+-+-+-+-+--+-+-+-+-+--+-+-+-+-+--+-+-+-+-+--+-+-+-+-+--+-+-+-+-+-
// End of Mapping File
// -+-+-+-+-+--+-+-+-+-+--+-+-+-+-+--+-+-+-+-+--+-+-+-+-+--+-+-+-+-+--+-+-+-+-+-