// -+-+-+-+-+--+-+-+-+-+--+-+-+-+-+--+-+-+-+-+--+-+-+-+-+--+-+-+-+-+--+-+-+-+-+-
// -+-+-+-+-+--+-+-+-+-+--+-+-+-+-+--+-+-+-+-+--+-+-+-+-+--+-+-+-+-+--+-+-+-+-+-
//
// Geometry file for target and beam
//

// -+-+-+-+-+--+-+-+-+-+--+-+-+-+-+--+-+-+-+-+--+-+-+-+-+--+-+-+-+-+--+-+-+-+-+-
// Beam info
// -+-+-+-+-+--+-+-+-+-+--+-+-+-+-+--+-+-+-+-+--+-+-+-+-+--+-+-+-+-+--+-+-+-+-+-
BeamSize:            0.48
BeamShape:         "Gaussian"
BeamEnergy:          0.4   // GeV
BeamAtomicMass:       16   // A Beam
BeamAtomicNumber:     8    // Z Beam
BeamPartNumber:       1000    // particles in Beam
BeamPosX:            0.0000   BeamPosY:     0.0000    BeamPosZ:      -84.35
BeamSpreadX:         0.0000   BeamSpreadY:  0.0000    BeamSpread:      0.0
BeamDiv:             0.0000

// -+-+-+-+-+--+-+-+-+-+--+-+-+-+-+--+-+-+-+-+--+-+-+-+-+--+-+-+-+-+--+-+-+-+-+-
// Target info (cm)
// -+-+-+-+-+--+-+-+-+-+--+-+-+-+-+--+-+-+-+-+--+-+-+-+-+--+-+-+-+-+--+-+-+-+-+-
TargetShape:       "cubic"
TargetSizeX:        2.0   TargetSizeY:    2.0    TargetSizeZ:  0.5
TargetMaterial:     "C"
TargetDensity:      1.83

//TargetMaterial:   "Polyethy"
//TargetDensity:      0.94

TargetInserts:        0

// -+-+-+-+-+--+-+-+-+-+--+-+-+-+-+--+-+-+-+-+--+-+-+-+-+--+-+-+-+-+--+-+-+-+-+-
// End of geometry File
// -+-+-+-+-+--+-+-+-+-+--+-+-+-+-+--+-+-+-+-+--+-+-+-+-+--+-+-+-+-+--+-+-+-+-+-
